// Vitest Snapshot v1

exports[`Rollup > fixtures > tests/fixtures/button.vue 1`] = `
"var button = \`<script lang=\\"ts\\">
import { defineComponent as _defineComponent } from 'vue';
export default /*#__PURE__*/ _defineComponent(
{
  name: 'en-button',
  render() {
    return h('div', this.$props)
  }
}
);

</script>
<script setup lang=\\"ts\\">
import { h } from 'vue'


</script>

<template>
  <div>
    <h1>hello world</h1>
  </div>
</template>
\`;

export { button as default };
"
`;
