// Vitest Snapshot v1

exports[`mount 1`] = `"<div>{}</div>"`;
