// Vitest Snapshot v1

exports[`transform > transform ./demo.vue 1`] = `
"<template>
  <div></div>
</template>

<script setup lang=\\"ts\\">
        
import { block as _DF_block, proxy as _DF_proxy } from '@enochfe/core';
        
const _DF_BLOCK = _DF_block({
  children: {
    form: {
      data: {
        name: 'xx'
      },
      watch: {
        name() {
          console.log('name is change', this.form.data.name)
        }
      },
      children: {
        name: {
          change() {
            console.log(\`I am form's name change\`)
          }
        }
      }
    }
  }
});
        
const _DF_PROXY = _DF_proxy(_DF_BLOCK);
      

</script>
"
`;
