// Vitest Snapshot v1

exports[`factory > Math.sqrt() 1`] = `4`;
